
> frontend@1.0.0 build
> vite build

[36mvite v8.0.2 [32mbuilding client environment for production...[36m[39m
[2K
transforming...Γ£ô 470 modules transformed.
rendering chunks...
computing gzip size...
dist/index.html                   0.41 kB Γöé gzip:   0.27 kB
dist/assets/index-CDpszXCU.css  245.26 kB Γöé gzip:  33.93 kB
dist/assets/index-D4NVAaSD.js   515.19 kB Γöé gzip: 155.76 kB

[32mΓ£ô built in 426ms[39m
node.exe : [33m[plugin builtin:vite-reporter] 
At line:1 char:1
+ & "C:\Program Files\nodejs/node.exe" "C:\Program Files\nodejs/node_mo ...
+ ~~~~~~~~~~~~~~~~~~~~~~~~~~~~~~~~~~~~~~~~~~~~~~~~~~~~~~~~~~~~~~~~~~~~~
    + CategoryInfo          : NotSpecifi    ed: ([33m[plugin builtin:vite-repor    ter] :String) [], RemoteException
    + FullyQualifiedErrorId : NativeComm    andError
 
(!) Some chunks are larger than 500 kB after minification. Consider:
- Using dynamic import() to code-split the application
- Use build.rolldownOptions.output.codeSplitting to improve chunking: https://rolldown.rs/reference/OutputOptions.codeSplitting
- Adjust chunk size limit for this warning via build.chunkSizeWarningLimit.[39m
